// Jest Snapshot v1, https://goo.gl/fbAQLP

exports[`Layout renders children correctly 1`] = `
Array [
  <div
    className="ui inverted vertical center aligned segment"
    style={
      Object {
        "backgroundImage": "url(/img/background_road.jpg)",
        "backgroundPosition": "bottom",
        "backgroundRepeat": "no-repeat",
        "backgroundSize": "cover",
        "height": "100vh",
        "minHeight": "400px",
        "padding": "1em 0em",
        "width": "100vw",
      }
    }
  >
    <div>
      <div
        className="ui container desktop"
      >
        <div
          className="ui huge inverted secondary menu"
        >
          <a
            className="active item"
            href="/"
            onClick={[Function]}
          >
            Home
          </a>
          <a
            className="item"
            href="/guidelines"
            onClick={[Function]}
          >
            Guidelines
          </a>
          <a
            className="item"
            href="/team"
            onClick={[Function]}
          >
            Team
          </a>
          <a
            className="item"
            href="/people"
            onClick={[Function]}
          >
            People
          </a>
          <div
            className="right item"
            onClick={[Function]}
          >
            <a
              className="ui inverted button"
              disabled={undefined}
              href="/grant"
              onClick={[Function]}
              role="button"
              tabIndex={undefined}
            >
              Apply
            </a>
          </div>
        </div>
      </div>
      <div
        className="ui container mobile"
        onClick={[Function]}
      >
        <i
          aria-hidden="true"
          className="content huge icon"
          style={
            Object {
              "float": "right",
            }
          }
        />
      </div>
    </div>
    <div
      className="ui text container"
    >
      <h1
        className="ui inverted header"
        style={
          Object {
            "fontSize": "2.6rem",
            "fontWeight": "normal",
            "marginBottom": 0,
            "marginTop": "30vh",
            "textTransform": "uppercase",
          }
        }
      >

      </h1>
      <h2
        className="ui inverted header"
        style={
          Object {
            "fontSize": "1.6rem",
            "fontWeight": "normal",
          }
        }
      >

      </h2>
    </div>
  </div>,
  <div
    className="ui vertical segment"
  >
    <div
      className="child"
    />
  </div>,
  <div>
    <div
      className="ui inverted vertical segment desktop"
    >
      <div
        className="ui container"
      >
        <div
          className="ui inverted stackable divided grid"
        >
          <div
            className="row"
          >
            <div
              className="two wide computer two wide tablet column"
            >
              <div
                className="ui inverted header"
              >
                Sitemap
              </div>
              <div
                className="ui inverted link list"
                role="list"
              >
                <a
                  className="item"
                  data-value={undefined}
                  href="/guidelines"
                  onClick={[Function]}
                  role="listitem"
                >
                  Guidelines
                </a>
                <a
                  className="item"
                  data-value={undefined}
                  href="/team"
                  onClick={[Function]}
                  role="listitem"
                >
                  Team
                </a>
                <a
                  className="item"
                  data-value={undefined}
                  href="/people"
                  onClick={[Function]}
                  role="listitem"
                >
                  People
                </a>
                <a
                  className="item"
                  data-value={undefined}
                  href="/grant"
                  onClick={[Function]}
                  role="listitem"
                >
                  Apply
                </a>
              </div>
            </div>
            <div
              className="four wide computer four wide tablet column"
            >
              <div
                className="ui inverted header"
              >
                Information
              </div>
              <div
                className="ui inverted link list"
                role="list"
              >
                <div
                  className="item"
                  data-value={undefined}
                  onClick={[Function]}
                  role="listitem"
                >
                  Community Fund ses.
                </div>
                <div
                  className="item"
                  data-value={undefined}
                  onClick={[Function]}
                  role="listitem"
                >
                  kt: 670317-1290
                </div>
                <div
                  className="item"
                  data-value={undefined}
                  onClick={[Function]}
                  role="listitem"
                >
                  rn: 0301-26-5235
                </div>
                <a
                  className="item"
                  data-value={undefined}
                  href="mailto:hello@communityfund.is"
                  onClick={[Function]}
                  role="listitem"
                >
                  hello@communityfund.is
                </a>
                <a
                  className="item"
                  data-value={undefined}
                  href="tel:6964523"
                  onClick={[Function]}
                  role="listitem"
                >
                  sími: 696-4523
                </a>
              </div>
            </div>
            <div
              className="eight wide computer eight wide tablet column"
            >
              <div
                className="ui inverted header"
              >
                Join us
              </div>
              <p>
                We are a group of activists who want to grow the community by making it more inclusive and supportive. If you have any tips, tricks or feedback or you want to help out, please contact us :)
              </p>
            </div>
          </div>
        </div>
      </div>
    </div>
    <div
      className="ui inverted vertical segment mobile"
    >
      <div
        className="ui text center aligned container"
      >
        <div
          className="ui inverted header"
        >
          Information
        </div>
        <div
          className="ui inverted link list"
          role="list"
        >
          <div
            className="item"
            data-value={undefined}
            onClick={[Function]}
            role="listitem"
          >
            Community Fund ses.
          </div>
          <div
            className="item"
            data-value={undefined}
            onClick={[Function]}
            role="listitem"
          >
            kt: 670317-1290
          </div>
          <div
            className="item"
            data-value={undefined}
            onClick={[Function]}
            role="listitem"
          >
            rn: 0301-26-5235
          </div>
          <a
            className="item"
            data-value={undefined}
            href="mailto:hello@communityfund.is"
            onClick={[Function]}
            role="listitem"
          >
            hello@communityfund.is
          </a>
          <a
            className="item"
            data-value={undefined}
            href="tel:6964523"
            onClick={[Function]}
            role="listitem"
          >
            sími: 696-4523
          </a>
        </div>
      </div>
    </div>
  </div>,
]
`;
